uv4 exited_by_itself=True exit=0 wall=6s
orphan_uv4=0
MAP 0xE0001000, 0xE0001FFF READ WRITE

FUNC void snap (void) {
  printf("CP%u FIO1DIR=%08X FIO2DIR=%08X FIO1PIN=%08X FIO2PIN=%08X FIO1SET=%08X FIO2SET=%08X PCONP=%08X joystick=%02X buttons=%02X\n", R0, _RDWORD(0x2009C020), _RDWORD(0x2009C040), _RDWORD(0x2009C034), _RDWORD(0x2009C054), _RDWORD(0x2009C038), _RDWORD(0x20
  if (R0 == 2) {
    PORT1 &= ~(1 << 23);
    printf("PRESS joystick UP: PORT1=%08X FIO1PIN=%08X\n", PORT1, _RDWORD(0x2009C034));
  }
  if (R0 == 3) {
    PORT2 &= ~(1 << 10);
    printf("PRESS INT0: PORT2=%08X FIO2PIN=%08X\n", PORT2, _RDWORD(0x2009C054));
  }
  if (R0 == 5) {
    PORT1 |= (1 << 23);
    PORT2 |= (1 << 10);
    printf("RELEASE both: FIO1PIN=%08X FIO2PIN=%08X\n", _RDWORD(0x2009C034), _RDWORD(0x2009C054));
  }
}

BS checkpoint, 1, "snap()"
G, finished
CP1 FIO1DIR=B0000000 FIO2DIR=0000007C FIO1PIN=4FFFC713 FIO2PIN=00003F83 FIO1SET=00000000 FIO2SET=00000000 PCONP=042887DE joystick=00 buttons=00
CP2 FIO1DIR=B0000000 FIO2DIR=0000007C FIO1PIN=5FFFC713 FIO2PIN=00003F83 FIO1SET=10000000 FIO2SET=00000000 PCONP=042887DE joystick=00 buttons=00
PRESS joystick UP: PORT1=5F7FC713 FIO1PIN=5F7FC713
CP3 FIO1DIR=B0000000 FIO2DIR=0000007C FIO1PIN=5F7FC713 FIO2PIN=00003F83 FIO1SET=10000000 FIO2SET=00000000 PCONP=042887DE joystick=08 buttons=00
PRESS INT0: PORT2=00003B83 FIO2PIN=00003B83
CP4 FIO1DIR=B0000000 FIO2DIR=0000007C FIO1PIN=5F7FC713 FIO2PIN=00003B83 FIO1SET=10000000 FIO2SET=00000000 PCONP=042887DE joystick=08 buttons=01
CP5 FIO1DIR=B0000000 FIO2DIR=0000007C FIO1PIN=5F7FC713 FIO2PIN=00003B87 FIO1SET=10000000 FIO2SET=00000004 PCONP=042887DE joystick=08 buttons=01
RELEASE both: FIO1PIN=5FFFC713 FIO2PIN=00003F87
printf("DONE g_id=%X FIO1PIN=%08X FIO2PIN=%08X\n", g_id, _RDWORD(0x2009C034), _RDWORD(0x2009C054))
DONE g_id=5 FIO1PIN=5FFFC713 FIO2PIN=00003F87
LOG OFF
