uv4 exited_by_itself=True exit=0 wall=58s
orphan_uv4=0
BEFORE states=0 FIO1DIR=00000000 FIO1PIN=FFFFC713
W states=49478 CCLK=100000000 FIO1PIN=EFFFC713 LED0=0 FIO2PIN=00003FFF PORT1=EFFFC713
W states=49478 CCLK=100000000 FIO1PIN=EFFFC713 LED0=0 FIO2PIN=00003FFF PORT1=EFFFC713
W states=49478 CCLK=100000000 FIO1PIN=EFFFC713 LED0=0 FIO2PIN=00003FFF PORT1=EFFFC713
W states=49611 CCLK=100000000 FIO1PIN=CFFFC713 LED0=0 FIO2PIN=00003FFF PORT1=CFFFC713
W states=49611 CCLK=100000000 FIO1PIN=CFFFC713 LED0=0 FIO2PIN=00003FFF PORT1=CFFFC713
W states=49611 CCLK=100000000 FIO1PIN=CFFFC713 LED0=0 FIO2PIN=00003FFF PORT1=CFFFC713
W states=49744 CCLK=100000000 FIO1PIN=4FFFC713 LED0=0 FIO2PIN=00003FFF PORT1=4FFFC713
W states=49744 CCLK=100000000 FIO1PIN=4FFFC713 LED0=0 FIO2PIN=00003FFF PORT1=4FFFC713
W states=49744 CCLK=100000000 FIO1PIN=4FFFC713 LED0=0 FIO2PIN=00003FFF PORT1=4FFFC713
W states=49876 CCLK=100000000 FIO1PIN=4FFFC713 LED0=0 FIO2PIN=00003FFB PORT1=4FFFC713
W states=49876 CCLK=100000000 FIO1PIN=4FFFC713 LED0=0 FIO2PIN=00003FFB PORT1=4FFFC713
W states=49876 CCLK=100000000 FIO1PIN=4FFFC713 LED0=0 FIO2PIN=00003FFB PORT1=4FFFC713
W states=50008 CCLK=100000000 FIO1PIN=4FFFC713 LED0=0 FIO2PIN=00003FF3 PORT1=4FFFC713
W states=50008 CCLK=100000000 FIO1PIN=4FFFC713 LED0=0 FIO2PIN=00003FF3 PORT1=4FFFC713
W states=50008 CCLK=100000000 FIO1PIN=4FFFC713 LED0=0 FIO2PIN=00003FF3 PORT1=4FFFC713
W states=50140 CCLK=100000000 FIO1PIN=4FFFC713 LED0=0 FIO2PIN=00003FE3 PORT1=4FFFC713
W states=50140 CCLK=100000000 FIO1PIN=4FFFC713 LED0=0 FIO2PIN=00003FE3 PORT1=4FFFC713
W states=50140 CCLK=100000000 FIO1PIN=4FFFC713 LED0=0 FIO2PIN=00003FE3 PORT1=4FFFC713
W states=50272 CCLK=100000000 FIO1PIN=4FFFC713 LED0=0 FIO2PIN=00003FC3 PORT1=4FFFC713
W states=50272 CCLK=100000000 FIO1PIN=4FFFC713 LED0=0 FIO2PIN=00003FC3 PORT1=4FFFC713
W states=50272 CCLK=100000000 FIO1PIN=4FFFC713 LED0=0 FIO2PIN=00003FC3 PORT1=4FFFC713
W states=50404 CCLK=100000000 FIO1PIN=4FFFC713 LED0=0 FIO2PIN=00003F83 PORT1=4FFFC713
W states=50404 CCLK=100000000 FIO1PIN=4FFFC713 LED0=0 FIO2PIN=00003F83 PORT1=4FFFC713
W states=50404 CCLK=100000000 FIO1PIN=4FFFC713 LED0=0 FIO2PIN=00003F83 PORT1=4FFFC713
W states=63961 CCLK=100000000 FIO1PIN=4FFFC713 LED0=0 FIO2PIN=00003F83 PORT1=4FFFC713
W states=63961 CCLK=100000000 FIO1PIN=4FFFC713 LED0=0 FIO2PIN=00003F83 PORT1=4FFFC713
W states=50056994 CCLK=100000000 FIO1PIN=5FFFC713 LED0=1 FIO2PIN=00003F83 PORT1=5FFFC713
W states=50056994 CCLK=100000000 FIO1PIN=5FFFC713 LED0=1 FIO2PIN=00003F83 PORT1=5FFFC713
W states=50056994 CCLK=100000000 FIO1PIN=5FFFC713 LED0=1 FIO2PIN=00003F83 PORT1=5FFFC713
W states=100057544 CCLK=100000000 FIO1PIN=4FFFC713 LED0=0 FIO2PIN=00003F83 PORT1=4FFFC713
W states=100057544 CCLK=100000000 FIO1PIN=4FFFC713 LED0=0 FIO2PIN=00003F83 PORT1=4FFFC713
AFTER states=104968656 CCLK=100000000 FIO1DIR=B0000000 FIO1PIN=5FFFC713
